Training BernoulliNB_VarianceThreshold...
BernoulliNB_VarianceThreshold performance:
  accuracy: 0.6667
  precision: 0.4630
  recall: 0.6667
  f1: 0.5411
Training Bagging_str_VarianceThreshold...
Bagging_str_VarianceThreshold performance:
  accuracy: 0.6667
  precision: 0.5000
  recall: 0.6667
  f1: 0.5556
Training BernoulliNB_SelectKBest...
BernoulliNB_SelectKBest performance:
  accuracy: 0.6667
  precision: 0.4630
  recall: 0.6667
  f1: 0.5411
Training Bagging_str_SelectKBest...
Bagging_str_SelectKBest performance:
  accuracy: 0.6667
  precision: 0.4630
  recall: 0.6667
  f1: 0.5411
Training BernoulliNB_SelectKBest...
BernoulliNB_SelectKBest performance:
  accuracy: 0.6667
  precision: 0.4630
  recall: 0.6667
  f1: 0.5411
Training Bagging_str_SelectKBest...
Bagging_str_SelectKBest performance:
  accuracy: 0.6667
  precision: 0.4630
  recall: 0.6667
  f1: 0.5411
Training BernoulliNB_RFE...
BernoulliNB_RFE performance:
  accuracy: 0.6667
  precision: 0.4630
  recall: 0.6667
  f1: 0.5411
Training Bagging_str_RFE...
Bagging_str_RFE performance:
  accuracy: 0.6667
  precision: 0.5000
  recall: 0.6667
  f1: 0.5556

Best Models:
BernoulliNB_VarianceThreshold performance:
  accuracy: 0.6667
  precision: 0.4630
  recall: 0.6667
  f1: 0.5411
Bagging_str_VarianceThreshold performance:
  accuracy: 0.6667
  precision: 0.5000
  recall: 0.6667
  f1: 0.5556
BernoulliNB_SelectKBest performance:
  accuracy: 0.6667
  precision: 0.4630
  recall: 0.6667
  f1: 0.5411
Bagging_str_SelectKBest performance:
  accuracy: 0.6667
  precision: 0.4630
  recall: 0.6667
  f1: 0.5411
BernoulliNB_RFE performance:
  accuracy: 0.6667
  precision: 0.4630
  recall: 0.6667
  f1: 0.5411
Bagging_str_RFE performance:
  accuracy: 0.6667
  precision: 0.5000
  recall: 0.6667
  f1: 0.5556

Voting Classifier performance:
  accuracy: 0.6667
  precision: 0.4630
  recall: 0.6667
  f1: 0.5411

Stacking Classifier performance:
  accuracy: 0.7333
  precision: 0.8519
  recall: 0.7333
  f1: 0.6825
